
[Test_Option/Empty/Exists/Map - 1]
false
---

[Test_Option/Empty/Exists/Primitive - 1]
false
---

[Test_Option/Empty/Exists/Slice - 1]
false
---

[Test_Option/Empty/Exists/Struct - 1]
false
---

[Test_Option/Empty/Get/Map - 1]
null
---

[Test_Option/Empty/Get/Primitive - 1]

---

[Test_Option/Empty/Get/Slice - 1]
null
---

[Test_Option/Empty/Get/Struct - 1]
{
 "Make": "",
 "Model": ""
}
---

[Test_Option/Empty/GetWithDefault/Map - 1]
{
 "make": "Ford",
 "model": "Focus"
}
---

[Test_Option/Empty/GetWithDefault/Primitive - 1]
default
---

[Test_Option/Empty/GetWithDefault/Slice - 1]
[
 9,
 8,
 7
]
---

[Test_Option/Empty/GetWithDefault/Struct - 1]
{
 "Make": "Audi",
 "Model": "A5"
}
---

[Test_Option/Empty/MarshalJSON - 1]
{"primitive":null,"map":null,"struct":null,"slice":null}
---

[Test_Option/Map_empty/Exists/Map - 1]
true
---

[Test_Option/Map_empty/Exists/Primitive - 1]
false
---

[Test_Option/Map_empty/Exists/Slice - 1]
false
---

[Test_Option/Map_empty/Exists/Struct - 1]
false
---

[Test_Option/Map_empty/Get/Map - 1]
{}
---

[Test_Option/Map_empty/Get/Primitive - 1]

---

[Test_Option/Map_empty/Get/Slice - 1]
null
---

[Test_Option/Map_empty/Get/Struct - 1]
{
 "Make": "",
 "Model": ""
}
---

[Test_Option/Map_empty/GetWithDefault/Map - 1]
{}
---

[Test_Option/Map_empty/GetWithDefault/Primitive - 1]
default
---

[Test_Option/Map_empty/GetWithDefault/Slice - 1]
[
 9,
 8,
 7
]
---

[Test_Option/Map_empty/GetWithDefault/Struct - 1]
{
 "Make": "Audi",
 "Model": "A5"
}
---

[Test_Option/Map_empty/MarshalJSON - 1]
{"primitive":null,"map":{},"struct":null,"slice":null}
---

[Test_Option/Map_full/Exists/Map - 1]
true
---

[Test_Option/Map_full/Exists/Primitive - 1]
false
---

[Test_Option/Map_full/Exists/Slice - 1]
false
---

[Test_Option/Map_full/Exists/Struct - 1]
false
---

[Test_Option/Map_full/Get/Map - 1]
{
 "make": "Toyota",
 "model": "Hilux"
}
---

[Test_Option/Map_full/Get/Primitive - 1]

---

[Test_Option/Map_full/Get/Slice - 1]
null
---

[Test_Option/Map_full/Get/Struct - 1]
{
 "Make": "",
 "Model": ""
}
---

[Test_Option/Map_full/GetWithDefault/Map - 1]
{
 "make": "Toyota",
 "model": "Hilux"
}
---

[Test_Option/Map_full/GetWithDefault/Primitive - 1]
default
---

[Test_Option/Map_full/GetWithDefault/Slice - 1]
[
 9,
 8,
 7
]
---

[Test_Option/Map_full/GetWithDefault/Struct - 1]
{
 "Make": "Audi",
 "Model": "A5"
}
---

[Test_Option/Map_full/MarshalJSON - 1]
{"primitive":null,"map":{"make":"Toyota","model":"Hilux"},"struct":null,"slice":null}
---

[Test_Option/Map_null/Exists/Map - 1]
true
---

[Test_Option/Map_null/Exists/Primitive - 1]
false
---

[Test_Option/Map_null/Exists/Slice - 1]
false
---

[Test_Option/Map_null/Exists/Struct - 1]
false
---

[Test_Option/Map_null/Get/Map - 1]
{}
---

[Test_Option/Map_null/Get/Primitive - 1]

---

[Test_Option/Map_null/Get/Slice - 1]
null
---

[Test_Option/Map_null/Get/Struct - 1]
{
 "Make": "",
 "Model": ""
}
---

[Test_Option/Map_null/GetWithDefault/Map - 1]
{}
---

[Test_Option/Map_null/GetWithDefault/Primitive - 1]
default
---

[Test_Option/Map_null/GetWithDefault/Slice - 1]
[
 9,
 8,
 7
]
---

[Test_Option/Map_null/GetWithDefault/Struct - 1]
{
 "Make": "Audi",
 "Model": "A5"
}
---

[Test_Option/Map_null/MarshalJSON - 1]
{"primitive":null,"map":{},"struct":null,"slice":null}
---

[Test_Option/Primitive/Exists/Map - 1]
false
---

[Test_Option/Primitive/Exists/Primitive - 1]
true
---

[Test_Option/Primitive/Exists/Slice - 1]
false
---

[Test_Option/Primitive/Exists/Struct - 1]
false
---

[Test_Option/Primitive/Get/Map - 1]
null
---

[Test_Option/Primitive/Get/Primitive - 1]
hello world
---

[Test_Option/Primitive/Get/Slice - 1]
null
---

[Test_Option/Primitive/Get/Struct - 1]
{
 "Make": "",
 "Model": ""
}
---

[Test_Option/Primitive/GetWithDefault/Map - 1]
{
 "make": "Ford",
 "model": "Focus"
}
---

[Test_Option/Primitive/GetWithDefault/Primitive - 1]
hello world
---

[Test_Option/Primitive/GetWithDefault/Slice - 1]
[
 9,
 8,
 7
]
---

[Test_Option/Primitive/GetWithDefault/Struct - 1]
{
 "Make": "Audi",
 "Model": "A5"
}
---

[Test_Option/Primitive/MarshalJSON - 1]
{"primitive":"hello world","map":null,"struct":null,"slice":null}
---

[Test_Option/Primitive_empty/Exists/Map - 1]
false
---

[Test_Option/Primitive_empty/Exists/Primitive - 1]
true
---

[Test_Option/Primitive_empty/Exists/Slice - 1]
false
---

[Test_Option/Primitive_empty/Exists/Struct - 1]
false
---

[Test_Option/Primitive_empty/Get/Map - 1]
null
---

[Test_Option/Primitive_empty/Get/Primitive - 1]

---

[Test_Option/Primitive_empty/Get/Slice - 1]
null
---

[Test_Option/Primitive_empty/Get/Struct - 1]
{
 "Make": "",
 "Model": ""
}
---

[Test_Option/Primitive_empty/GetWithDefault/Map - 1]
{
 "make": "Ford",
 "model": "Focus"
}
---

[Test_Option/Primitive_empty/GetWithDefault/Primitive - 1]

---

[Test_Option/Primitive_empty/GetWithDefault/Slice - 1]
[
 9,
 8,
 7
]
---

[Test_Option/Primitive_empty/GetWithDefault/Struct - 1]
{
 "Make": "Audi",
 "Model": "A5"
}
---

[Test_Option/Primitive_empty/MarshalJSON - 1]
{"primitive":"","map":null,"struct":null,"slice":null}
---

[Test_Option/Primitive_null/Exists/Map - 1]
false
---

[Test_Option/Primitive_null/Exists/Primitive - 1]
false
---

[Test_Option/Primitive_null/Exists/Slice - 1]
false
---

[Test_Option/Primitive_null/Exists/Struct - 1]
false
---

[Test_Option/Primitive_null/Get/Map - 1]
null
---

[Test_Option/Primitive_null/Get/Primitive - 1]

---

[Test_Option/Primitive_null/Get/Slice - 1]
null
---

[Test_Option/Primitive_null/Get/Struct - 1]
{
 "Make": "",
 "Model": ""
}
---

[Test_Option/Primitive_null/GetWithDefault/Map - 1]
{
 "make": "Ford",
 "model": "Focus"
}
---

[Test_Option/Primitive_null/GetWithDefault/Primitive - 1]
default
---

[Test_Option/Primitive_null/GetWithDefault/Slice - 1]
[
 9,
 8,
 7
]
---

[Test_Option/Primitive_null/GetWithDefault/Struct - 1]
{
 "Make": "Audi",
 "Model": "A5"
}
---

[Test_Option/Primitive_null/MarshalJSON - 1]
{"primitive":null,"map":null,"struct":null,"slice":null}
---

[Test_Option/Slice_empty/Exists/Map - 1]
false
---

[Test_Option/Slice_empty/Exists/Primitive - 1]
false
---

[Test_Option/Slice_empty/Exists/Slice - 1]
true
---

[Test_Option/Slice_empty/Exists/Struct - 1]
false
---

[Test_Option/Slice_empty/Get/Map - 1]
null
---

[Test_Option/Slice_empty/Get/Primitive - 1]

---

[Test_Option/Slice_empty/Get/Slice - 1]
[]
---

[Test_Option/Slice_empty/Get/Struct - 1]
{
 "Make": "",
 "Model": ""
}
---

[Test_Option/Slice_empty/GetWithDefault/Map - 1]
{
 "make": "Ford",
 "model": "Focus"
}
---

[Test_Option/Slice_empty/GetWithDefault/Primitive - 1]
default
---

[Test_Option/Slice_empty/GetWithDefault/Slice - 1]
[]
---

[Test_Option/Slice_empty/GetWithDefault/Struct - 1]
{
 "Make": "Audi",
 "Model": "A5"
}
---

[Test_Option/Slice_empty/MarshalJSON - 1]
{"primitive":null,"map":null,"struct":null,"slice":[]}
---

[Test_Option/Slice_full/Exists/Map - 1]
false
---

[Test_Option/Slice_full/Exists/Primitive - 1]
false
---

[Test_Option/Slice_full/Exists/Slice - 1]
true
---

[Test_Option/Slice_full/Exists/Struct - 1]
false
---

[Test_Option/Slice_full/Get/Map - 1]
null
---

[Test_Option/Slice_full/Get/Primitive - 1]

---

[Test_Option/Slice_full/Get/Slice - 1]
[
 1,
 2,
 3
]
---

[Test_Option/Slice_full/Get/Struct - 1]
{
 "Make": "",
 "Model": ""
}
---

[Test_Option/Slice_full/GetWithDefault/Map - 1]
{
 "make": "Ford",
 "model": "Focus"
}
---

[Test_Option/Slice_full/GetWithDefault/Primitive - 1]
default
---

[Test_Option/Slice_full/GetWithDefault/Slice - 1]
[
 1,
 2,
 3
]
---

[Test_Option/Slice_full/GetWithDefault/Struct - 1]
{
 "Make": "Audi",
 "Model": "A5"
}
---

[Test_Option/Slice_full/MarshalJSON - 1]
{"primitive":null,"map":null,"struct":null,"slice":[1,2,3]}
---

[Test_Option/Slice_null/Exists/Map - 1]
false
---

[Test_Option/Slice_null/Exists/Primitive - 1]
false
---

[Test_Option/Slice_null/Exists/Slice - 1]
false
---

[Test_Option/Slice_null/Exists/Struct - 1]
false
---

[Test_Option/Slice_null/Get/Map - 1]
null
---

[Test_Option/Slice_null/Get/Primitive - 1]

---

[Test_Option/Slice_null/Get/Slice - 1]
null
---

[Test_Option/Slice_null/Get/Struct - 1]
{
 "Make": "",
 "Model": ""
}
---

[Test_Option/Slice_null/GetWithDefault/Map - 1]
{
 "make": "Ford",
 "model": "Focus"
}
---

[Test_Option/Slice_null/GetWithDefault/Primitive - 1]
default
---

[Test_Option/Slice_null/GetWithDefault/Slice - 1]
[
 9,
 8,
 7
]
---

[Test_Option/Slice_null/GetWithDefault/Struct - 1]
{
 "Make": "Audi",
 "Model": "A5"
}
---

[Test_Option/Slice_null/MarshalJSON - 1]
{"primitive":null,"map":null,"struct":null,"slice":null}
---

[Test_Option/Struct_empty/Exists/Map - 1]
false
---

[Test_Option/Struct_empty/Exists/Primitive - 1]
false
---

[Test_Option/Struct_empty/Exists/Slice - 1]
false
---

[Test_Option/Struct_empty/Exists/Struct - 1]
true
---

[Test_Option/Struct_empty/Get/Map - 1]
null
---

[Test_Option/Struct_empty/Get/Primitive - 1]

---

[Test_Option/Struct_empty/Get/Slice - 1]
null
---

[Test_Option/Struct_empty/Get/Struct - 1]
{
 "Make": "",
 "Model": ""
}
---

[Test_Option/Struct_empty/GetWithDefault/Map - 1]
{
 "make": "Ford",
 "model": "Focus"
}
---

[Test_Option/Struct_empty/GetWithDefault/Primitive - 1]
default
---

[Test_Option/Struct_empty/GetWithDefault/Slice - 1]
[
 9,
 8,
 7
]
---

[Test_Option/Struct_empty/GetWithDefault/Struct - 1]
{
 "Make": "",
 "Model": ""
}
---

[Test_Option/Struct_empty/MarshalJSON - 1]
{"primitive":null,"map":null,"struct":{"Make":"","Model":""},"slice":null}
---

[Test_Option/Struct_full/Exists/Map - 1]
false
---

[Test_Option/Struct_full/Exists/Primitive - 1]
false
---

[Test_Option/Struct_full/Exists/Slice - 1]
false
---

[Test_Option/Struct_full/Exists/Struct - 1]
true
---

[Test_Option/Struct_full/Get/Map - 1]
null
---

[Test_Option/Struct_full/Get/Primitive - 1]

---

[Test_Option/Struct_full/Get/Slice - 1]
null
---

[Test_Option/Struct_full/Get/Struct - 1]
{
 "Make": "Toyota",
 "Model": "Hilux"
}
---

[Test_Option/Struct_full/GetWithDefault/Map - 1]
{
 "make": "Ford",
 "model": "Focus"
}
---

[Test_Option/Struct_full/GetWithDefault/Primitive - 1]
default
---

[Test_Option/Struct_full/GetWithDefault/Slice - 1]
[
 9,
 8,
 7
]
---

[Test_Option/Struct_full/GetWithDefault/Struct - 1]
{
 "Make": "Toyota",
 "Model": "Hilux"
}
---

[Test_Option/Struct_full/MarshalJSON - 1]
{"primitive":null,"map":null,"struct":{"Make":"Toyota","Model":"Hilux"},"slice":null}
---

[Test_Option/Struct_null/Exists/Map - 1]
false
---

[Test_Option/Struct_null/Exists/Primitive - 1]
false
---

[Test_Option/Struct_null/Exists/Slice - 1]
false
---

[Test_Option/Struct_null/Exists/Struct - 1]
false
---

[Test_Option/Struct_null/Get/Map - 1]
null
---

[Test_Option/Struct_null/Get/Primitive - 1]

---

[Test_Option/Struct_null/Get/Slice - 1]
null
---

[Test_Option/Struct_null/Get/Struct - 1]
{
 "Make": "",
 "Model": ""
}
---

[Test_Option/Struct_null/GetWithDefault/Map - 1]
{
 "make": "Ford",
 "model": "Focus"
}
---

[Test_Option/Struct_null/GetWithDefault/Primitive - 1]
default
---

[Test_Option/Struct_null/GetWithDefault/Slice - 1]
[
 9,
 8,
 7
]
---

[Test_Option/Struct_null/GetWithDefault/Struct - 1]
{
 "Make": "Audi",
 "Model": "A5"
}
---

[Test_Option/Struct_null/MarshalJSON - 1]
{"primitive":null,"map":null,"struct":null,"slice":null}
---
